ReferenceError: require is not defined in ES module scope, you can use import instead
This file is being treated as an ES module because it has a '.js' file extension and 'C:\cotarco-revendedores\cotarco-client\package.json' contains "type": "module". To treat it as a CommonJS script, rename it to use the '.cjs' file extension.

   at cotarco-client\src\__tests__\LocalhostDetection.test.js:2

  1 |
> 2 | const fs = require('fs');
    |            ^
  3 | const path = require('path');
  4 |
  5 | function getAllFiles(dirPath, arrayOfFiles) {
    at C:\cotarco-revendedores\cotarco-client\src\__tests__\LocalhostDetection.test.js:2:12
TypeError: Unknown file extension ".css" for C:\cotarco-revendedores\cotarco-client\node_modules\react-loading-skeleton\dist\skeleton.css
ReferenceError: expect is not defined
    at C:\cotarco-revendedores\cotarco-client\node_modules\@testing-library\jest-dom\dist\index.mjs:9:1
TypeError: Cannot redefine property: Symbol($$jest-matchers-object)
    at C:\cotarco-revendedores\cotarco-client\node_modules\@vitest\expect\dist\index.js:667:9
TypeError: Cannot redefine property: Symbol($$jest-matchers-object)
    at C:\cotarco-revendedores\cotarco-client\node_modules\@vitest\expect\dist\index.js:667:9
TypeError: Unknown file extension ".css" for C:\cotarco-revendedores\cotarco-client\node_modules\react-loading-skeleton\dist\skeleton.css
TypeError: Unknown file extension ".css" for C:\cotarco-revendedores\cotarco-client\node_modules\react-loading-skeleton\dist\skeleton.css
Error: Playwright Test did not expect test.describe() to be called here.
Most common reasons include:
- You are calling test.describe() in a configuration file.
- You are calling test.describe() in a file that is imported by the configuration file.
- You have two different versions of @playwright/test. This usually happens
  when one of the dependencies in your package.json depends on @playwright/test.

   at cotarco-client\tests\e2e\admin-dashboard.spec.js:4

  2 |
  3 | // Este suite corre com o storageState de admin (configurado no projeto admin-tests)
> 4 | test.describe('Admin Dashboard', () => {
    |      ^
  5 |   test.use({ storageState: 'playwright/.auth/admin.json' });
  6 |
  7 |   test('should allow navigation between dashboard tabs', async ({ page }) => {
    at TestTypeImpl._currentSuite (C:\cotarco-revendedores\cotarco-client\node_modules\playwright\lib\common\testType.js:75:13)
    at TestTypeImpl._describe (C:\cotarco-revendedores\cotarco-client\node_modules\playwright\lib\common\testType.js:115:24)
    at Function.describe (C:\cotarco-revendedores\cotarco-client\node_modules\playwright\lib\transform\transform.js:275:12)
    at C:\cotarco-revendedores\cotarco-client\tests\e2e\admin-dashboard.spec.js:4:6
Error: Playwright Test did not expect test.describe() to be called here.
Most common reasons include:
- You are calling test.describe() in a configuration file.
- You are calling test.describe() in a file that is imported by the configuration file.
- You have two different versions of @playwright/test. This usually happens
  when one of the dependencies in your package.json depends on @playwright/test.

   at cotarco-client\tests\e2e\admin-email-partner-approval.spec.ts:21

  19 |  * que injeta o storageState do admin.json. N├úo ├® necess├írio sobrescrever o storageState.
  20 |  */
> 21 | test.describe('Fluxo (b): Aprova├º├úo de Distribuidor Admin com Email PartnerApproved', () => {
     |      ^
  22 |   // Timeout padr├úo do helper: 10s (Sec├º├úo 4).
  23 |
  24 |
    at TestTypeImpl._currentSuite (C:\cotarco-revendedores\cotarco-client\node_modules\playwright\lib\common\testType.js:75:13)
    at TestTypeImpl._describe (C:\cotarco-revendedores\cotarco-client\node_modules\playwright\lib\common\testType.js:115:24)
    at Function.describe (C:\cotarco-revendedores\cotarco-client\node_modules\playwright\lib\transform\transform.js:275:12)
    at C:\cotarco-revendedores\cotarco-client\tests\e2e\admin-email-partner-approval.spec.ts:21:6
Error: Playwright Test did not expect test.describe() to be called here.
Most common reasons include:
- You are calling test.describe() in a configuration file.
- You are calling test.describe() in a file that is imported by the configuration file.
- You have two different versions of @playwright/test. This usually happens
  when one of the dependencies in your package.json depends on @playwright/test.

   at cotarco-client\tests\e2e\admin-email-partner-rejection.spec.ts:28

  26 | const REJECTION_REASON = 'Documenta├º├úo incompleta';
  27 |
> 28 | test.describe('Fluxo (c): Rejei├º├úo de Distribuidor com Motivo Din├ómico no Email', () => {
     |      ^
  29 |   // Timeout padr├úo do helper: 10s (Sec├º├úo 4).
  30 |   // Usar 15000-20000ms apenas para fluxos AppyPay (Sec├º├úo 3d).
  31 |   const EMAIL_TIMEOUT = 30000;
    at TestTypeImpl._currentSuite (C:\cotarco-revendedores\cotarco-client\node_modules\playwright\lib\common\testType.js:75:13)
    at TestTypeImpl._describe (C:\cotarco-revendedores\cotarco-client\node_modules\playwright\lib\common\testType.js:115:24)
    at Function.describe (C:\cotarco-revendedores\cotarco-client\node_modules\playwright\lib\transform\transform.js:275:12)
    at C:\cotarco-revendedores\cotarco-client\tests\e2e\admin-email-partner-rejection.spec.ts:28:6
Error: Playwright Test did not expect test.describe() to be called here.
Most common reasons include:
- You are calling test.describe() in a configuration file.
- You are calling test.describe() in a file that is imported by the configuration file.
- You have two different versions of @playwright/test. This usually happens
  when one of the dependencies in your package.json depends on @playwright/test.

   at cotarco-client\tests\e2e\admin-email-payment-success.spec.ts:23

  21 | const partnerName = `Parceiro Pagamento ${testId}`;
  22 |
> 23 | test.describe('Fluxo (d): Notifica├º├úo de Pagamento Confirmado (AppyPay)', () => {
     |      ^
  24 |   // Vari├ível de escopo para partilhar a refer├¬ncia entre beforeAll e o test
  25 |   let merchantTransactionId: string;
  26 |
    at TestTypeImpl._currentSuite (C:\cotarco-revendedores\cotarco-client\node_modules\playwright\lib\common\testType.js:75:13)
    at TestTypeImpl._describe (C:\cotarco-revendedores\cotarco-client\node_modules\playwright\lib\common\testType.js:115:24)
    at Function.describe (C:\cotarco-revendedores\cotarco-client\node_modules\playwright\lib\transform\transform.js:275:12)
    at C:\cotarco-revendedores\cotarco-client\tests\e2e\admin-email-payment-success.spec.ts:23:6
Error: Playwright Test did not expect test.describe() to be called here.
Most common reasons include:
- You are calling test.describe() in a configuration file.
- You are calling test.describe() in a file that is imported by the configuration file.
- You have two different versions of @playwright/test. This usually happens
  when one of the dependencies in your package.json depends on @playwright/test.

   at cotarco-client\tests\e2e\admin-login.spec.js:3

  1 | import { test, expect } from '@playwright/test';
  2 |
> 3 | test.describe('Admin Login Page', () => {
    |      ^
  4 |   test.beforeEach(async ({ page }) => {
  5 |     await page.goto('/distribuidores/admin/login', { waitUntil: 'networkidle' });
  6 |   });
    at TestTypeImpl._currentSuite (C:\cotarco-revendedores\cotarco-client\node_modules\playwright\lib\common\testType.js:75:13)
    at TestTypeImpl._describe (C:\cotarco-revendedores\cotarco-client\node_modules\playwright\lib\common\testType.js:115:24)
    at Function.describe (C:\cotarco-revendedores\cotarco-client\node_modules\playwright\lib\transform\transform.js:275:12)
    at C:\cotarco-revendedores\cotarco-client\tests\e2e\admin-login.spec.js:3:6
Error: Playwright Test did not expect test.describe() to be called here.
Most common reasons include:
- You are calling test.describe() in a configuration file.
- You are calling test.describe() in a file that is imported by the configuration file.
- You have two different versions of @playwright/test. This usually happens
  when one of the dependencies in your package.json depends on @playwright/test.

   at cotarco-client\tests\e2e\admin-order-detail.spec.js:3

  1 | import { test, expect } from '@playwright/test';
  2 |
> 3 | test.describe('Admin Order Detail Page', () => {
    |      ^
  4 |   test.use({ storageState: 'playwright/.auth/admin.json' });
  5 |
  6 |   test.beforeEach(async ({ page }) => {
    at TestTypeImpl._currentSuite (C:\cotarco-revendedores\cotarco-client\node_modules\playwright\lib\common\testType.js:75:13)
    at TestTypeImpl._describe (C:\cotarco-revendedores\cotarco-client\node_modules\playwright\lib\common\testType.js:115:24)
    at Function.describe (C:\cotarco-revendedores\cotarco-client\node_modules\playwright\lib\transform\transform.js:275:12)
    at C:\cotarco-revendedores\cotarco-client\tests\e2e\admin-order-detail.spec.js:3:6
Error: Playwright Test did not expect test.describe() to be called here.
Most common reasons include:
- You are calling test.describe() in a configuration file.
- You are calling test.describe() in a file that is imported by the configuration file.
- You have two different versions of @playwright/test. This usually happens
  when one of the dependencies in your package.json depends on @playwright/test.

   at cotarco-client\tests\e2e\admin-partner-actions.spec.js:98

   96 | // ÔöÇÔöÇÔöÇ Suite ÔöÇÔöÇÔöÇÔöÇÔöÇÔöÇÔöÇÔöÇÔöÇÔöÇÔöÇÔöÇÔöÇÔöÇÔöÇÔöÇÔöÇÔöÇÔöÇÔöÇÔöÇÔöÇÔöÇÔöÇÔöÇÔöÇÔöÇÔöÇÔöÇÔöÇÔöÇÔöÇÔöÇÔöÇÔöÇÔöÇÔöÇÔöÇÔöÇÔöÇÔöÇÔöÇÔöÇÔöÇÔöÇÔöÇÔöÇÔöÇÔöÇÔöÇÔöÇÔöÇÔöÇÔöÇÔöÇÔöÇÔöÇÔöÇÔöÇÔöÇÔöÇÔöÇÔöÇÔöÇÔöÇÔöÇÔöÇ
   97 |
>  98 | test.describe('Admin Partner Actions', () => {
      |      ^
   99 |   // Serial mode: order matters ÔÇö approve must run before deactivate
  100 |   test.describe.configure({ mode: 'serial' });
  101 |
    at TestTypeImpl._currentSuite (C:\cotarco-revendedores\cotarco-client\node_modules\playwright\lib\common\testType.js:75:13)
    at TestTypeImpl._describe (C:\cotarco-revendedores\cotarco-client\node_modules\playwright\lib\common\testType.js:115:24)
    at Function.describe (C:\cotarco-revendedores\cotarco-client\node_modules\playwright\lib\transform\transform.js:275:12)
    at C:\cotarco-revendedores\cotarco-client\tests\e2e\admin-partner-actions.spec.js:98:6
Error: Playwright Test did not expect test.describe() to be called here.
Most common reasons include:
- You are calling test.describe() in a configuration file.
- You are calling test.describe() in a file that is imported by the configuration file.
- You have two different versions of @playwright/test. This usually happens
  when one of the dependencies in your package.json depends on @playwright/test.

   at cotarco-client\tests\e2e\admin-partner-edit.spec.js:3

  1 | import { test, expect } from '@playwright/test';
  2 |
> 3 | test.describe('Admin Partner Edit', () => {
    |      ^
  4 |   // Configurar para correr em s├®rie para evitar conflitos de estado
  5 |   test.describe.configure({ mode: 'serial' });
  6 |
    at TestTypeImpl._currentSuite (C:\cotarco-revendedores\cotarco-client\node_modules\playwright\lib\common\testType.js:75:13)
    at TestTypeImpl._describe (C:\cotarco-revendedores\cotarco-client\node_modules\playwright\lib\common\testType.js:115:24)
    at Function.describe (C:\cotarco-revendedores\cotarco-client\node_modules\playwright\lib\transform\transform.js:275:12)
    at C:\cotarco-revendedores\cotarco-client\tests\e2e\admin-partner-edit.spec.js:3:6
Error: Playwright Test did not expect test.describe() to be called here.
Most common reasons include:
- You are calling test.describe() in a configuration file.
- You are calling test.describe() in a file that is imported by the configuration file.
- You have two different versions of @playwright/test. This usually happens
  when one of the dependencies in your package.json depends on @playwright/test.

   at cotarco-client\tests\e2e\checkout.spec.js:3

  1 | import { test, expect } from '@playwright/test';
  2 |
> 3 | test.describe('Checkout Page', () => {
    |      ^
  4 |   test.use({ storageState: 'playwright/.auth/partner.json' });
  5 |
  6 |   test.beforeEach(async ({ page }) => {
    at TestTypeImpl._currentSuite (C:\cotarco-revendedores\cotarco-client\node_modules\playwright\lib\common\testType.js:75:13)
    at TestTypeImpl._describe (C:\cotarco-revendedores\cotarco-client\node_modules\playwright\lib\common\testType.js:115:24)
    at Function.describe (C:\cotarco-revendedores\cotarco-client\node_modules\playwright\lib\transform\transform.js:275:12)
    at C:\cotarco-revendedores\cotarco-client\tests\e2e\checkout.spec.js:3:6
Error: Playwright Test did not expect test.describe() to be called here.
Most common reasons include:
- You are calling test.describe() in a configuration file.
- You are calling test.describe() in a file that is imported by the configuration file.
- You have two different versions of @playwright/test. This usually happens
  when one of the dependencies in your package.json depends on @playwright/test.

   at cotarco-client\tests\e2e\dashboard.spec.js:3

  1 | import { test, expect } from '@playwright/test';
  2 |
> 3 | test.describe('Partner Dashboard', () => {
    |      ^
  4 |   test.use({ storageState: 'playwright/.auth/partner.json' });
  5 |
  6 |   test.beforeEach(async ({ page }) => {
    at TestTypeImpl._currentSuite (C:\cotarco-revendedores\cotarco-client\node_modules\playwright\lib\common\testType.js:75:13)
    at TestTypeImpl._describe (C:\cotarco-revendedores\cotarco-client\node_modules\playwright\lib\common\testType.js:115:24)
    at Function.describe (C:\cotarco-revendedores\cotarco-client\node_modules\playwright\lib\transform\transform.js:275:12)
    at C:\cotarco-revendedores\cotarco-client\tests\e2e\dashboard.spec.js:3:6
Error: Playwright Test did not expect test.use() to be called here.
Most common reasons include:
- You are calling test.use() in a configuration file.
- You are calling test.use() in a file that is imported by the configuration file.
- You have two different versions of @playwright/test. This usually happens
  when one of the dependencies in your package.json depends on @playwright/test.

   at cotarco-client\tests\e2e\email-registration-flow.spec.ts:17

  15 | // Limpar qualquer storageState injetado pelo projeto partner-tests (playwright.config.js),
  16 | // garantindo que este teste corre sempre sem sess├úo autenticada pr├®-existente.
> 17 | test.use({ storageState: { cookies: [], origins: [] } });
     |      ^
  18 |
  19 | test.describe('Fluxo (a): Registo Gen├®rico com Verifica├º├úo de Email', () => {
  20 |   const testAlvaraPath = path.join(process.cwd(), 'tests', 'test-alvara.pdf');
    at TestTypeImpl._currentSuite (C:\cotarco-revendedores\cotarco-client\node_modules\playwright\lib\common\testType.js:75:13)
    at TestTypeImpl._use (C:\cotarco-revendedores\cotarco-client\node_modules\playwright\lib\common\testType.js:230:24)
    at Function.use (C:\cotarco-revendedores\cotarco-client\node_modules\playwright\lib\transform\transform.js:275:12)
    at C:\cotarco-revendedores\cotarco-client\tests\e2e\email-registration-flow.spec.ts:17:6
Error: Playwright Test did not expect test.describe() to be called here.
Most common reasons include:
- You are calling test.describe() in a configuration file.
- You are calling test.describe() in a file that is imported by the configuration file.
- You have two different versions of @playwright/test. This usually happens
  when one of the dependencies in your package.json depends on @playwright/test.

   at cotarco-client\tests\e2e\email-verification.spec.js:3

  1 | import { test, expect } from '@playwright/test';
  2 |
> 3 | test.describe('Email Verification Pages Static Content', () => {
    |      ^
  4 |   test('should display the email verification pending page correctly', async ({ page }) => {
  5 |     await page.goto('/distribuidores/email-verification-pending');
  6 |
    at TestTypeImpl._currentSuite (C:\cotarco-revendedores\cotarco-client\node_modules\playwright\lib\common\testType.js:75:13)
    at TestTypeImpl._describe (C:\cotarco-revendedores\cotarco-client\node_modules\playwright\lib\common\testType.js:115:24)
    at Function.describe (C:\cotarco-revendedores\cotarco-client\node_modules\playwright\lib\transform\transform.js:275:12)
    at C:\cotarco-revendedores\cotarco-client\tests\e2e\email-verification.spec.js:3:6
Error: Playwright Test did not expect test.describe() to be called here.
Most common reasons include:
- You are calling test.describe() in a configuration file.
- You are calling test.describe() in a file that is imported by the configuration file.
- You have two different versions of @playwright/test. This usually happens
  when one of the dependencies in your package.json depends on @playwright/test.

   at cotarco-client\tests\e2e\forgot-password.spec.js:3

  1 | import { test, expect } from '@playwright/test';
  2 |
> 3 | test.describe('Forgot Password Page', () => {
    |      ^
  4 |   test('should allow a user to request a password reset', async ({ page }) => {
  5 |     await page.goto('/distribuidores/forgot-password');
  6 |
    at TestTypeImpl._currentSuite (C:\cotarco-revendedores\cotarco-client\node_modules\playwright\lib\common\testType.js:75:13)
    at TestTypeImpl._describe (C:\cotarco-revendedores\cotarco-client\node_modules\playwright\lib\common\testType.js:115:24)
    at Function.describe (C:\cotarco-revendedores\cotarco-client\node_modules\playwright\lib\transform\transform.js:275:12)
    at C:\cotarco-revendedores\cotarco-client\tests\e2e\forgot-password.spec.js:3:6
Error: Playwright Test did not expect test.describe() to be called here.
Most common reasons include:
- You are calling test.describe() in a configuration file.
- You are calling test.describe() in a file that is imported by the configuration file.
- You have two different versions of @playwright/test. This usually happens
  when one of the dependencies in your package.json depends on @playwright/test.

   at cotarco-client\tests\e2e\login.spec.js:3

  1 | import { test, expect } from '@playwright/test';
  2 |
> 3 | test.describe('Login Page', () => {
    |      ^
  4 |   // Executar sem estado de autentica├º├úo guardado (limpar sess├úo para conseguir testar o login)
  5 |   test.use({ storageState: { cookies: [], origins: [] } });
  6 |
    at TestTypeImpl._currentSuite (C:\cotarco-revendedores\cotarco-client\node_modules\playwright\lib\common\testType.js:75:13)
    at TestTypeImpl._describe (C:\cotarco-revendedores\cotarco-client\node_modules\playwright\lib\common\testType.js:115:24)
    at Function.describe (C:\cotarco-revendedores\cotarco-client\node_modules\playwright\lib\transform\transform.js:275:12)
    at C:\cotarco-revendedores\cotarco-client\tests\e2e\login.spec.js:3:6
Error: Playwright Test did not expect test.describe() to be called here.
Most common reasons include:
- You are calling test.describe() in a configuration file.
- You are calling test.describe() in a file that is imported by the configuration file.
- You have two different versions of @playwright/test. This usually happens
  when one of the dependencies in your package.json depends on @playwright/test.

   at cotarco-client\tests\e2e\register.spec.js:4

  2 | import path from 'path';
  3 |
> 4 | test.describe('Register Page', () => {
    |      ^
  5 |   const testAlvaraPath = path.join(process.cwd(), 'tests', 'test-alvara.pdf');
  6 |
  7 |   test.beforeEach(async ({ page }) => {
    at TestTypeImpl._currentSuite (C:\cotarco-revendedores\cotarco-client\node_modules\playwright\lib\common\testType.js:75:13)
    at TestTypeImpl._describe (C:\cotarco-revendedores\cotarco-client\node_modules\playwright\lib\common\testType.js:115:24)
    at Function.describe (C:\cotarco-revendedores\cotarco-client\node_modules\playwright\lib\transform\transform.js:275:12)
    at C:\cotarco-revendedores\cotarco-client\tests\e2e\register.spec.js:4:6
Error: No tests found

